
> frontend@0.1.0 build
> next build

Ôû▓ Next.js 16.1.1 (Turbopack)
- Environments: .env

node.exe : ÔÜá The "middleware" file 
convention is deprecated. Please use "proxy" 
instead. Learn more: https://nextjs.org/docs/m
essages/middleware-to-proxy
Au caractère Ligne:1 : 1
+ & "C:\Program Files\nodejs/node.exe" 
"C:\Program Files\nodejs/node_mo ...
+ ~~~~~~~~~~~~~~~~~~~~~~~~~~~~~~~~~~~~~~~~~~~~
~~~~~~~~~~~~~~~~~~~~~~~~~
    + CategoryInfo          : NotSpecified: ( 
   ÔÜá The "middle...leware-to-proxy:String)  
   [], RemoteException
    + FullyQualifiedErrorId : NativeCommandEr 
   ror
 
  Creating an optimized production build ...
Ô£ô Compiled successfully in 2.9s
  Running TypeScript ...
Failed to compile.

.next/dev/types/validator.ts:93:39
Type error: File 'C:/Users/youco/Desktop/GED b
ack-front/frontend/src/app/dashboard/layout.ts
x' is not a module.

[0m [90m 91 |[39m {
 [90m 92 |[39m   type 
__IsExpected[33m<[39m[33mSpecific[39m 
[36mextends[39m [33mLayoutConfig[39m[33m<
[39m[32m"/dashboard"[39m[33m>>[39m 
[33m=[39m [33mSpecific[39m
[31m[1m>[22m[39m[90m 93 |[39m   
[36mconst[39m handler [33m=[39m {} 
[36mas[39m [36mtypeof[39m [36mimport[39m
([32m"../../../src/app/dashboard/layout.js"[
39m)
 [90m    |[39m                              
         [31m[1m^[22m[39m
 [90m 94 |[39m   type __Check [33m=[39m 
__IsExpected[33m<[39m[36mtypeof[39m 
handler[33m>[39m
 [90m 95 |[39m   [90m// @ts-ignore[39m
 [90m 96 |[39m   type __Unused [33m=[39m 
__Check[0m
Next.js build worker exited with code: 1 and 
signal: null
